             [=3G                                                    [=1G
             [=3G                          [=6G    [=3G  [=6G    [=3G  [=6G    [=3G          [=1G
             [=3G                          [=6G    [=3G  [=6G    [=3G  [=6G    [=3G          [=1G
             [=3G                          [=6G                [=3G          [=1G
             [=3G                              [=6G        [=3G              [=1G
             [=7G                                                    [=1G
             [=6G                                                    [=1G
[=15F[=1G