       [=1G                                                                [=1G
       [=1G    [=2G  [=1G                                                    [=2G  [=1G    [=1G
       [=1G  [=2G      [=1G                                              [=2G      [=1G    [=1G
       [=2G          [=1G                                          [=2G          [=1G  [=1G
       [=2G              [=1G                                  [=2G              [=1G  [=1G
       [=1G    [=6G  [=1G                                                          [=1G
       [=1G    [=6G  [=1G                [=6G                [=1G                  [=6G  [=1G      [=1G
       [=2G                      [=6G  [=0G  [=6G  [=0G  [=6G  [=0G  [=6G    [=2G                          [=1G
       [=2G                      [=6G                [=2G                          [=1G
       [=2G                                                                [=1G
[=15F[=1G