             [=7G                                                    [=1G
             [=7G  [=3G  [=7G      [=3G  [=7G        [=3G  [=7G        [=3G  [=7G        [=3G  [=7G      [=3G  [=7G  [=1G
             [=0G  [=3G  [=0G      [=3G  [=0G                  [=3G  [=0G                [=3G  [=0G  [=1G
             [=0G                                                    [=1G
             [=0G      [=3G        [=0G                  [=3G          [=0G          [=1G
             [=0G                    [=3G            [=0G                    [=1G
             [=7G                                                    [=1G
[=15F[=1G