             [=1G                                                    [=1G
             [=7G                                                    [=1G
             [=7G  [=0G  [=7G      [=0G  [=7G      [=0G  [=7G      [=0G  [=7G      [=0G  [=7G      [=0G  [=7G    [=0G  [=7G  [=1G
             [=7G                                                    [=1G
             [=2G                    [=5G        [=2G                        [=1G
             [=2G                  [=5G            [=2G                      [=1G
             [=3G      [=1G        [=3G      [=1G        [=3G      [=1G        [=3G      [=1G    [=1G
[=15F[=1G