             [=1G                      [=4G                  [=1G            [=1G
             [=1G                [=4G      [=6G                  [=4G      [=1G      [=1G
             [=1G            [=4G    [=6G      [=2G                [=6G      [=4G    [=1G    [=1G
             [=1G          [=4G  [=6G    [=2G      [=3G              [=2G      [=6G    [=4G  [=1G    [=1G
             [=1G        [=4G  [=6G  [=2G  [=3G    [=5G    [=1G              [=5G    [=3G    [=2G  [=6G  [=4G  [=1G  [=1G
             [=7G        [=4G  [=6G  [=2G  [=3G  [=5G  [=1G    [=3G        [=1G          [=5G  [=3G  [=2G  [=6G  [=4G  [=7G  [=1G
             [=3G                        [=7G  [=3G                          [=1G
[=15F[=1G