       [=7G                                                                [=1G
       [=7G  [=0G            [=7G  [=0G                      [=7G  [=0G                      [=7G  [=1G
       [=7G  [=0G  [=7G        [=0G  [=7G  [=0G  [=7G                  [=0G  [=7G  [=0G  [=7G                  [=0G  [=7G  [=1G
       [=7G  [=0G  [=7G  [=0G            [=7G  [=0G              [=7G  [=0G      [=7G  [=0G              [=7G  [=0G  [=7G  [=1G
       [=7G  [=0G  [=7G  [=0G  [=7G            [=0G  [=7G          [=0G  [=7G          [=0G  [=7G          [=0G  [=7G  [=0G  [=7G  [=1G
       [=7G  [=0G      [=7G  [=0G            [=7G  [=0G      [=7G  [=0G              [=7G  [=0G              [=7G  [=1G
       [=7G      [=0G  [=7G  [=0G  [=7G            [=0G  [=7G  [=0G  [=7G              [=0G  [=7G  [=0G  [=7G              [=1G
       [=7G  [=0G          [=7G  [=0G            [=7G  [=0G              [=7G  [=0G      [=7G  [=0G          [=7G  [=1G
       [=7G  [=0G  [=7G          [=0G  [=7G                        [=0G  [=7G      [=0G  [=7G          [=0G  [=7G  [=1G
       [=7G                                                                [=1G
[=15F[=1G