             [=1G                                                    [=1G
             [=4G                                                    [=1G
             [=6G                                                    [=1G
             [=2G                                                    [=1G
             [=3G                                                    [=1G
             [=5G                                                    [=1G
             [=1G                                                    [=1G
[=15F[=1G