             [=0G                                                    [=1G
             [=7G        [=0G                                            [=1G
             [=7G  [=0G    [=7G      [=0G                                        [=1G
             [=3G                      [=0G                              [=1G
             [=7G    [=0G            [=3G                          [=0G          [=1G
             [=6G                                      [=3G              [=1G
             [=6G                                                    [=1G
[=15F[=1G