             [=7G      [=0G                                        [=7G      [=1G
             [=7G        [=0G                                  [=7G          [=1G
             [=7G          [=3G                              [=7G            [=1G
             [=7G        [=3G              [=6G        [=3G            [=7G          [=1G
             [=7G      [=3G          [=6G                [=3G            [=7G        [=1G
             [=7G    [=3G                                            [=7G    [=1G
             [=7G  [=3G                                                [=7G  [=1G
[=15F[=1G