       [=0G                                                                [=1G
       [=0G                        [=2G            [=0G              [=7G      [=0G        [=1G
       [=0G                      [=2G    [=4G  [=2G    [=4G  [=2G    [=0G          [=7G          [=0G      [=1G
       [=0G                      [=2G                  [=0G          [=7G  [=6G    [=0G        [=1G
       [=0G                        [=2G  [=7G        [=2G  [=0G                [=6G  [=0G          [=1G
       [=0G                  [=2G                                  [=6G  [=0G          [=1G
       [=0G                [=2G      [=0G  [=2G              [=0G              [=6G  [=0G          [=1G
       [=0G                [=2G    [=0G    [=2G              [=0G              [=6G  [=0G          [=1G
       [=0G                        [=2G    [=0G      [=2G    [=0G                          [=1G
       [=0G                      [=2G      [=0G      [=2G      [=0G                        [=1G
[=15F[=1G