       [=1G        [=2G              [=1G                  [=2G              [=1G          [=1G
       [=1G    [=2G                      [=1G          [=2G                      [=1G      [=1G
       [=1G  [=2G                          [=1G      [=2G                          [=1G    [=1G
       [=2G                                                              [=1G  [=1G
       [=6G                                                [=1G                [=1G
       [=1G                  [=6G  [=1G  [=6G  [=7G      [=6G  [=1G  [=6G  [=1G                            [=1G
       [=1G                  [=6G      [=3G      [=6G      [=1G                            [=1G
       [=1G                    [=6G              [=1G                              [=1G
       [=1G                            [=6G        [=1G                            [=1G
       [=1G                            [=6G        [=1G                            [=1G
[=15F[=1G